2026-06-11 04:43:21 [JavaFX-Launcher] INFO  m.u.f.c.a.c.EagerInstanceInitializer - Clase @Keep inicializada y registrada: AppStore
2026-06-11 04:43:21 [JavaFX-Launcher] INFO  m.u.f.c.a.c.EagerInstanceInitializer - Clase @Keep inicializada y registrada: SessionFacade
2026-06-11 04:43:21 [JavaFX-Launcher] INFO  m.u.f.c.a.c.EagerInstanceInitializer - Clase @Keep inicializada y registrada: DatabaseProperties
2026-06-11 04:43:21 [JavaFX-Launcher] INFO  m.u.f.c.a.c.EagerInstanceInitializer - Clase @Keep inicializada y registrada: DatabaseConnectionConfiguration
2026-06-11 04:43:21 [JavaFX-Launcher] INFO  m.u.f.c.a.c.EagerInstanceInitializer - Clase @Keep inicializada y registrada: PractitionerConfiguration
2026-06-11 04:44:06 [JavaFX-Launcher] INFO  m.u.f.c.a.c.EagerInstanceInitializer - Clase @Keep inicializada y registrada: DatabaseProperties
2026-06-11 04:44:06 [JavaFX-Launcher] INFO  m.u.f.c.a.c.EagerInstanceInitializer - Clase @Keep inicializada y registrada: AppStore
2026-06-11 04:44:06 [JavaFX-Launcher] INFO  m.u.f.c.a.c.EagerInstanceInitializer - Clase @Keep inicializada y registrada: PractitionerConfiguration
2026-06-11 04:44:06 [JavaFX-Launcher] INFO  m.u.f.c.a.c.EagerInstanceInitializer - Clase @Keep inicializada y registrada: DatabaseConnectionConfiguration
2026-06-11 04:44:06 [JavaFX-Launcher] INFO  m.u.f.c.a.c.EagerInstanceInitializer - Clase @Keep inicializada y registrada: SessionFacade
2026-06-11 04:46:41 [JavaFX Application Thread] WARN  o.a.p.p.interactive.form.PDAcroForm - There has been a widget with a missing page reference, will check all page annotations
2026-06-11 04:46:41 [JavaFX Application Thread] INFO  mx.uv.fei.domain.common.PdfService - PDF generado exitosamente: app/documents/generated/Documento_zS24013324.pdf
2026-06-11 04:47:55 [JavaFX Application Thread] ERROR m.uv.fei.presentation.MainController - Error de E/S al cargar la vista FXML: /mx/uv/fei/presentation/registerPractitioner.fxml.
javafx.fxml.LoadException: Error resolving onAction='#handleActionUploadCSV', either the event handler is not in the Namespace or there is an error in the script.
/Users/angelgabrielaguilarhernandez/Downloads/Proyecto-Practicas-profesionales/professional-practices-system/app/target/classes/mx/uv/fei/presentation/registerPractitioner.fxml:25

	at javafx.fxml@23.0.1/javafx.fxml.FXMLLoader.constructLoadException(FXMLLoader.java:2723)
	at javafx.fxml@23.0.1/javafx.fxml.FXMLLoader$Element.processEventHandlerAttributes(FXMLLoader.java:623)
	at javafx.fxml@23.0.1/javafx.fxml.FXMLLoader$ValueElement.processEndElement(FXMLLoader.java:783)
	at javafx.fxml@23.0.1/javafx.fxml.FXMLLoader.processEndElement(FXMLLoader.java:2974)
	at javafx.fxml@23.0.1/javafx.fxml.FXMLLoader.loadImpl(FXMLLoader.java:2659)
	at javafx.fxml@23.0.1/javafx.fxml.FXMLLoader.loadImpl(FXMLLoader.java:2568)
	at javafx.fxml@23.0.1/javafx.fxml.FXMLLoader.load(FXMLLoader.java:2536)
	at mx.uv.fei@1.0-SNAPSHOT/mx.uv.fei.presentation.MainController.loadView(MainController.java:165)
	at mx.uv.fei@1.0-SNAPSHOT/mx.uv.fei.presentation.MainController.renderSection(MainController.java:136)
	at mx.uv.fei@1.0-SNAPSHOT/mx.uv.fei.presentation.MainController.lambda$handleApplicationStateChange$0(MainController.java:124)
	at javafx.graphics@23.0.1/com.sun.javafx.application.PlatformImpl.lambda$runLater$10(PlatformImpl.java:456)
	at java.base/java.security.AccessController.doPrivileged(AccessController.java:138)
	at javafx.graphics@23.0.1/com.sun.javafx.application.PlatformImpl.lambda$runLater$11(PlatformImpl.java:455)
	at javafx.graphics@23.0.1/com.sun.glass.ui.InvokeLaterDispatcher$Future.run(InvokeLaterDispatcher.java:95)
2026-06-11 04:52:19 [JavaFX-Launcher] INFO  m.u.f.c.a.c.EagerInstanceInitializer - Clase @Keep inicializada y registrada: AppStore
2026-06-11 04:52:19 [JavaFX-Launcher] INFO  m.u.f.c.a.c.EagerInstanceInitializer - Clase @Keep inicializada y registrada: SessionFacade
2026-06-11 04:52:19 [JavaFX-Launcher] INFO  m.u.f.c.a.c.EagerInstanceInitializer - Clase @Keep inicializada y registrada: DatabaseProperties
2026-06-11 04:52:19 [JavaFX-Launcher] INFO  m.u.f.c.a.c.EagerInstanceInitializer - Clase @Keep inicializada y registrada: DatabaseConnectionConfiguration
2026-06-11 04:52:19 [JavaFX-Launcher] INFO  m.u.f.c.a.c.EagerInstanceInitializer - Clase @Keep inicializada y registrada: PractitionerConfiguration
2026-06-11 04:54:25 [JavaFX Application Thread] ERROR m.uv.fei.presentation.MainController - Error de E/S al cargar la vista FXML: /mx/uv/fei/presentation/registerProfessor.fxml.
javafx.fxml.LoadException:
/Users/angelgabrielaguilarhernandez/Downloads/Proyecto-Practicas-profesionales/professional-practices-system/app/target/classes/mx/uv/fei/presentation/registerProfessor.fxml

	at javafx.fxml@23.0.1/javafx.fxml.FXMLLoader.constructLoadException(FXMLLoader.java:2727)
	at javafx.fxml@23.0.1/javafx.fxml.FXMLLoader.loadImpl(FXMLLoader.java:2705)
	at javafx.fxml@23.0.1/javafx.fxml.FXMLLoader.loadImpl(FXMLLoader.java:2568)
	at javafx.fxml@23.0.1/javafx.fxml.FXMLLoader.load(FXMLLoader.java:2536)
	at mx.uv.fei@1.0-SNAPSHOT/mx.uv.fei.presentation.MainController.loadView(MainController.java:165)
	at mx.uv.fei@1.0-SNAPSHOT/mx.uv.fei.presentation.MainController.renderSection(MainController.java:136)
	at mx.uv.fei@1.0-SNAPSHOT/mx.uv.fei.presentation.MainController.lambda$handleApplicationStateChange$0(MainController.java:124)
	at javafx.graphics@23.0.1/com.sun.javafx.application.PlatformImpl.lambda$runLater$10(PlatformImpl.java:456)
	at java.base/java.security.AccessController.doPrivileged(AccessController.java:138)
	at javafx.graphics@23.0.1/com.sun.javafx.application.PlatformImpl.lambda$runLater$11(PlatformImpl.java:455)
	at javafx.graphics@23.0.1/com.sun.glass.ui.InvokeLaterDispatcher$Future.run(InvokeLaterDispatcher.java:95)
Caused by: java.lang.NullPointerException: Cannot invoke "mx.uv.fei.presentation.components.FormComboBox.setItems(javafx.collections.ObservableList)" because "this.comboBoxGender" is null
	at mx.uv.fei@1.0-SNAPSHOT/mx.uv.fei.presentation.RegisterProfessorController.initialize(RegisterProfessorController.java:51)
	at javafx.fxml@23.0.1/javafx.fxml.FXMLLoader.loadImpl(FXMLLoader.java:2675)
	... 9 common frames omitted
2026-06-11 04:56:40 [JavaFX-Launcher] INFO  m.u.f.c.a.c.EagerInstanceInitializer - Clase @Keep inicializada y registrada: AppStore
2026-06-11 04:56:40 [JavaFX-Launcher] INFO  m.u.f.c.a.c.EagerInstanceInitializer - Clase @Keep inicializada y registrada: SessionFacade
2026-06-11 04:56:40 [JavaFX-Launcher] INFO  m.u.f.c.a.c.EagerInstanceInitializer - Clase @Keep inicializada y registrada: DatabaseProperties
2026-06-11 04:56:40 [JavaFX-Launcher] INFO  m.u.f.c.a.c.EagerInstanceInitializer - Clase @Keep inicializada y registrada: DatabaseConnectionConfiguration
2026-06-11 04:56:40 [JavaFX-Launcher] INFO  m.u.f.c.a.c.EagerInstanceInitializer - Clase @Keep inicializada y registrada: PractitionerConfiguration
2026-06-11 04:57:18 [JavaFX Application Thread] ERROR m.uv.fei.presentation.MainController - Error de E/S al cargar la vista FXML: /mx/uv/fei/presentation/registerProfessor.fxml.
javafx.fxml.LoadException:
/Users/angelgabrielaguilarhernandez/Downloads/Proyecto-Practicas-profesionales/professional-practices-system/app/target/classes/mx/uv/fei/presentation/registerProfessor.fxml

	at javafx.fxml@23.0.1/javafx.fxml.FXMLLoader.constructLoadException(FXMLLoader.java:2727)
	at javafx.fxml@23.0.1/javafx.fxml.FXMLLoader.loadImpl(FXMLLoader.java:2705)
	at javafx.fxml@23.0.1/javafx.fxml.FXMLLoader.loadImpl(FXMLLoader.java:2568)
	at javafx.fxml@23.0.1/javafx.fxml.FXMLLoader.load(FXMLLoader.java:2536)
	at mx.uv.fei@1.0-SNAPSHOT/mx.uv.fei.presentation.MainController.loadView(MainController.java:165)
	at mx.uv.fei@1.0-SNAPSHOT/mx.uv.fei.presentation.MainController.renderSection(MainController.java:136)
	at mx.uv.fei@1.0-SNAPSHOT/mx.uv.fei.presentation.MainController.lambda$handleApplicationStateChange$0(MainController.java:124)
	at javafx.graphics@23.0.1/com.sun.javafx.application.PlatformImpl.lambda$runLater$10(PlatformImpl.java:456)
	at java.base/java.security.AccessController.doPrivileged(AccessController.java:138)
	at javafx.graphics@23.0.1/javafx.animation.Animation$1.timePulse(Animation.java:207)
	at javafx.graphics@23.0.1/com.sun.scenario.animation.AbstractPrimaryTimer.timePulseImpl(AbstractPrimaryTimer.java:343)
	at javafx.graphics@23.0.1/com.sun.scenario.animation.AbstractPrimaryTimer$MainLoop.run(AbstractPrimaryTimer.java:266)
	at javafx.graphics@23.0.1/com.sun.javafx.tk.quantum.QuantumToolkit.pulse(QuantumToolkit.java:594)
	at javafx.graphics@23.0.1/com.sun.javafx.tk.quantum.QuantumToolkit.pulse(QuantumToolkit.java:578)
	at javafx.graphics@23.0.1/com.sun.javafx.tk.quantum.QuantumToolkit.pulseFromQueue(QuantumToolkit.java:571)
	at javafx.graphics@23.0.1/com.sun.javafx.tk.quantum.QuantumToolkit.lambda$runToolkit$11(QuantumToolkit.java:352)
	at javafx.graphics@23.0.1/com.sun.glass.ui.InvokeLaterDispatcher$Future.run(InvokeLaterDispatcher.java:95)
	at javafx.graphics@23.0.1/com.sun.glass.ui.win.WinApplication._runLoop(Native Method)
	at javafx.graphics@23.0.1/com.sun.glass.ui.win.WinApplication.lambda$runLoop$3(WinApplication.java:184)
	at java.base/java.lang.Thread.run(Thread.java:1474)
Caused by: mx.uv.fei.dataaccess.exceptions.DAOException: Error al verificar la existencia del administrador en la base de datos.
	at mx.uv.fei/mx.uv.fei.dataaccess.repositories.AdministratorDAO.checkIfAdminExists(AdministratorDAO.java:58)
	at mx.uv.fei/mx.uv.fei.domain.manager.AdminManager.checkSystemHasAdmin(AdminManager.java:33)
	... 19 common frames omitted
Caused by: java.sql.SQLSyntaxErrorException: Access denied for user 'spp_app_user'@'localhost' to database 'professional-practices-system'
	at mysql.connector.j@9.3.0/com.mysql.cj.jdbc.exceptions.SQLError.createSQLException(SQLError.java:112)
	at mysql.connector.j@9.3.0/com.mysql.cj.jdbc.exceptions.SQLExceptionsMapping.translateException(SQLExceptionsMapping.java:114)
	at mysql.connector.j@9.3.0/com.mysql.cj.jdbc.ConnectionImpl.createNewIO(ConnectionImpl.java:833)
	at mysql.connector.j@9.3.0/com.mysql.cj.jdbc.ConnectionImpl.<init>(ConnectionImpl.java:416)
	at mysql.connector.j@9.3.0/com.mysql.cj.jdbc.ConnectionImpl.getInstance(ConnectionImpl.java:238)
	at mysql.connector.j@9.3.0/com.mysql.cj.jdbc.NonRegisteringDriver.connect(NonRegisteringDriver.java:180)
	at java.sql/java.sql.DriverManager.getConnection(DriverManager.java:613)
	at java.sql/java.sql.DriverManager.getConnection(DriverManager.java:199)
	at mx.uv.fei/mx.uv.fei.dataaccess.database.DatabaseConnection.getConnection(DatabaseConnection.java:22)
	at mx.uv.fei/mx.uv.fei.dataaccess.repositories.AdministratorDAO.checkIfAdminExists(AdministratorDAO.java:50)
	... 20 common frames omitted
2026-06-10 14:13:39 [JavaFX-Launcher] INFO  m.u.f.c.a.c.EagerInstanceInitializer - Clase @Keep inicializada y registrada: DatabaseProperties
2026-06-10 14:13:39 [JavaFX-Launcher] INFO  m.u.f.c.a.c.EagerInstanceInitializer - Clase @Keep inicializada y registrada: DatabaseConnectionConfiguration
2026-06-10 14:13:39 [JavaFX-Launcher] INFO  m.u.f.c.a.c.EagerInstanceInitializer - Clase @Keep inicializada y registrada: AppStore
2026-06-10 14:13:39 [JavaFX-Launcher] INFO  m.u.f.c.a.c.EagerInstanceInitializer - Clase @Keep inicializada y registrada: PractitionerConfiguration
2026-06-10 14:13:39 [JavaFX-Launcher] INFO  m.u.f.c.a.c.EagerInstanceInitializer - Clase @Keep inicializada y registrada: SessionFacade
2026-06-10 14:13:42 [JavaFX Application Thread] ERROR m.uv.fei.presentation.MainController - El sistema falló al verificar el estado inicial.
mx.uv.fei.domain.exceptions.ManagerException: Error crítico al verificar el estado inicial del sistema.
	at mx.uv.fei/mx.uv.fei.domain.manager.AdminManager.checkSystemHasAdmin(AdminManager.java:35)
	at mx.uv.fei/mx.uv.fei.presentation.MainController.resolveInitialSection(MainController.java:203)
	at mx.uv.fei/mx.uv.fei.presentation.MainController.lambda$startAppFlow$0(MainController.java:197)
	at javafx.graphics@23.0.1/javafx.animation.Animation.runHandler(Animation.java:1167)
	at javafx.graphics@23.0.1/javafx.animation.Animation.finished(Animation.java:1161)
	at javafx.graphics@23.0.1/javafx.animation.AnimationAccessorImpl.finished(AnimationAccessorImpl.java:49)
	at javafx.graphics@23.0.1/com.sun.scenario.animation.shared.SingleLoopClipEnvelope.timePulse(SingleLoopClipEnvelope.java:107)
	at javafx.graphics@23.0.1/javafx.animation.Animation.doTimePulse(Animation.java:1254)
	at javafx.graphics@23.0.1/javafx.animation.Animation$1.lambda$timePulse$0(Animation.java:208)
	at java.base/java.security.AccessController.doPrivileged(AccessController.java:138)
	at javafx.graphics@23.0.1/javafx.animation.Animation$1.timePulse(Animation.java:207)
	at javafx.graphics@23.0.1/com.sun.scenario.animation.AbstractPrimaryTimer.timePulseImpl(AbstractPrimaryTimer.java:343)
	at javafx.graphics@23.0.1/com.sun.scenario.animation.AbstractPrimaryTimer$MainLoop.run(AbstractPrimaryTimer.java:266)
	at javafx.graphics@23.0.1/com.sun.javafx.tk.quantum.QuantumToolkit.pulse(QuantumToolkit.java:594)
	at javafx.graphics@23.0.1/com.sun.javafx.tk.quantum.QuantumToolkit.pulse(QuantumToolkit.java:578)
	at javafx.graphics@23.0.1/com.sun.javafx.tk.quantum.QuantumToolkit.pulseFromQueue(QuantumToolkit.java:571)
	at javafx.graphics@23.0.1/com.sun.javafx.tk.quantum.QuantumToolkit.lambda$runToolkit$11(QuantumToolkit.java:352)
	at javafx.graphics@23.0.1/com.sun.glass.ui.InvokeLaterDispatcher$Future.run(InvokeLaterDispatcher.java:95)
	at javafx.graphics@23.0.1/com.sun.glass.ui.win.WinApplication._runLoop(Native Method)
	at javafx.graphics@23.0.1/com.sun.glass.ui.win.WinApplication.lambda$runLoop$3(WinApplication.java:184)
	at java.base/java.lang.Thread.run(Thread.java:1474)
Caused by: mx.uv.fei.dataaccess.exceptions.DAOException: Error al verificar la existencia del administrador en la base de datos.
	at mx.uv.fei/mx.uv.fei.dataaccess.repositories.AdministratorDAO.checkIfAdminExists(AdministratorDAO.java:58)
	at mx.uv.fei/mx.uv.fei.domain.manager.AdminManager.checkSystemHasAdmin(AdminManager.java:33)
	... 20 common frames omitted
Caused by: java.sql.SQLSyntaxErrorException: Access denied for user 'spp_app_user'@'localhost' to database 'professional-practices-system'
	at mysql.connector.j@9.3.0/com.mysql.cj.jdbc.exceptions.SQLError.createSQLException(SQLError.java:112)
	at mysql.connector.j@9.3.0/com.mysql.cj.jdbc.exceptions.SQLExceptionsMapping.translateException(SQLExceptionsMapping.java:114)
	at mysql.connector.j@9.3.0/com.mysql.cj.jdbc.ConnectionImpl.createNewIO(ConnectionImpl.java:833)
	at mysql.connector.j@9.3.0/com.mysql.cj.jdbc.ConnectionImpl.<init>(ConnectionImpl.java:416)
	at mysql.connector.j@9.3.0/com.mysql.cj.jdbc.ConnectionImpl.getInstance(ConnectionImpl.java:238)
	at mysql.connector.j@9.3.0/com.mysql.cj.jdbc.NonRegisteringDriver.connect(NonRegisteringDriver.java:180)
	at java.sql/java.sql.DriverManager.getConnection(DriverManager.java:613)
	at java.sql/java.sql.DriverManager.getConnection(DriverManager.java:199)
	at mx.uv.fei/mx.uv.fei.dataaccess.database.DatabaseConnection.getConnection(DatabaseConnection.java:22)
	at mx.uv.fei/mx.uv.fei.dataaccess.repositories.AdministratorDAO.checkIfAdminExists(AdministratorDAO.java:50)
	... 21 common frames omitted
2026-06-10 14:14:16 [JavaFX-Launcher] INFO  m.u.f.c.a.c.EagerInstanceInitializer - Clase @Keep inicializada y registrada: DatabaseProperties
2026-06-10 14:14:16 [JavaFX-Launcher] INFO  m.u.f.c.a.c.EagerInstanceInitializer - Clase @Keep inicializada y registrada: DatabaseConnectionConfiguration
2026-06-10 14:14:16 [JavaFX-Launcher] INFO  m.u.f.c.a.c.EagerInstanceInitializer - Clase @Keep inicializada y registrada: PractitionerConfiguration
2026-06-10 14:14:16 [JavaFX-Launcher] INFO  m.u.f.c.a.c.EagerInstanceInitializer - Clase @Keep inicializada y registrada: AppStore
2026-06-10 14:14:16 [JavaFX-Launcher] INFO  m.u.f.c.a.c.EagerInstanceInitializer - Clase @Keep inicializada y registrada: SessionFacade
2026-06-10 14:58:20 [JavaFX-Launcher] INFO  m.u.f.c.a.c.EagerInstanceInitializer - Clase @Keep inicializada y registrada: DatabaseProperties
2026-06-10 14:58:20 [JavaFX-Launcher] INFO  m.u.f.c.a.c.EagerInstanceInitializer - Clase @Keep inicializada y registrada: DatabaseConnectionConfiguration
2026-06-10 14:58:20 [JavaFX-Launcher] INFO  m.u.f.c.a.c.EagerInstanceInitializer - Clase @Keep inicializada y registrada: PractitionerConfiguration
2026-06-10 14:58:20 [JavaFX-Launcher] INFO  m.u.f.c.a.c.EagerInstanceInitializer - Clase @Keep inicializada y registrada: AppStore
2026-06-10 14:58:20 [JavaFX-Launcher] INFO  m.u.f.c.a.c.EagerInstanceInitializer - Clase @Keep inicializada y registrada: SessionFacade
2026-06-11 07:27:56 [JavaFX-Launcher] INFO  m.u.f.c.a.c.EagerInstanceInitializer - Clase @Keep inicializada y registrada: AppStore
2026-06-11 07:27:56 [JavaFX-Launcher] INFO  m.u.f.c.a.c.EagerInstanceInitializer - Clase @Keep inicializada y registrada: SessionFacade
2026-06-11 07:27:56 [JavaFX-Launcher] INFO  m.u.f.c.a.c.EagerInstanceInitializer - Clase @Keep inicializada y registrada: DatabaseProperties
2026-06-11 07:27:56 [JavaFX-Launcher] INFO  m.u.f.c.a.c.EagerInstanceInitializer - Clase @Keep inicializada y registrada: DatabaseConnectionConfiguration
2026-06-11 07:27:56 [JavaFX-Launcher] INFO  m.u.f.c.a.c.EagerInstanceInitializer - Clase @Keep inicializada y registrada: PractitionerConfiguration
2026-06-11 07:41:29 [JavaFX-Launcher] INFO  m.u.f.c.a.c.EagerInstanceInitializer - Clase @Keep inicializada y registrada: AppStore
2026-06-11 07:41:29 [JavaFX-Launcher] INFO  m.u.f.c.a.c.EagerInstanceInitializer - Clase @Keep inicializada y registrada: SessionFacade
2026-06-11 07:41:29 [JavaFX-Launcher] INFO  m.u.f.c.a.c.EagerInstanceInitializer - Clase @Keep inicializada y registrada: DatabaseProperties
2026-06-11 07:41:29 [JavaFX-Launcher] INFO  m.u.f.c.a.c.EagerInstanceInitializer - Clase @Keep inicializada y registrada: DatabaseConnectionConfiguration
2026-06-11 07:41:29 [JavaFX-Launcher] INFO  m.u.f.c.a.c.EagerInstanceInitializer - Clase @Keep inicializada y registrada: PractitionerConfiguration
2026-06-11 07:43:22 [JavaFX-Launcher] INFO  m.u.f.c.a.c.EagerInstanceInitializer - Clase @Keep inicializada y registrada: PractitionerConfiguration
2026-06-11 07:43:23 [JavaFX-Launcher] INFO  m.u.f.c.a.c.EagerInstanceInitializer - Clase @Keep inicializada y registrada: DatabaseProperties
2026-06-11 07:43:23 [JavaFX-Launcher] INFO  m.u.f.c.a.c.EagerInstanceInitializer - Clase @Keep inicializada y registrada: AppStore
2026-06-11 07:43:23 [JavaFX-Launcher] INFO  m.u.f.c.a.c.EagerInstanceInitializer - Clase @Keep inicializada y registrada: SessionFacade
2026-06-11 07:43:23 [JavaFX-Launcher] INFO  m.u.f.c.a.c.EagerInstanceInitializer - Clase @Keep inicializada y registrada: DatabaseConnectionConfiguration
2026-06-11 07:43:49 [JavaFX-Launcher] INFO  m.u.f.c.a.c.EagerInstanceInitializer - Clase @Keep inicializada y registrada: PractitionerConfiguration
2026-06-11 07:43:49 [JavaFX-Launcher] INFO  m.u.f.c.a.c.EagerInstanceInitializer - Clase @Keep inicializada y registrada: DatabaseProperties
2026-06-11 07:43:49 [JavaFX-Launcher] INFO  m.u.f.c.a.c.EagerInstanceInitializer - Clase @Keep inicializada y registrada: AppStore
2026-06-11 07:43:49 [JavaFX-Launcher] INFO  m.u.f.c.a.c.EagerInstanceInitializer - Clase @Keep inicializada y registrada: SessionFacade
2026-06-11 07:43:49 [JavaFX-Launcher] INFO  m.u.f.c.a.c.EagerInstanceInitializer - Clase @Keep inicializada y registrada: DatabaseConnectionConfiguration
2026-06-11 07:43:52 [JavaFX Application Thread] ERROR m.uv.fei.presentation.MainController - Error de E/S al cargar la vista FXML: /mx/uv/fei/presentation/registerAdmin.fxml.
javafx.fxml.LoadException: 
/Users/angelgabrielaguilarhernandez/Downloads/Proyecto-Practicas-profesionales/professional-practices-system/app/target/classes/mx/uv/fei/presentation/registerAdmin.fxml

	at javafx.fxml@23.0.1/javafx.fxml.FXMLLoader.constructLoadException(FXMLLoader.java:2727)
	at javafx.fxml@23.0.1/javafx.fxml.FXMLLoader.loadImpl(FXMLLoader.java:2705)
	at javafx.fxml@23.0.1/javafx.fxml.FXMLLoader.loadImpl(FXMLLoader.java:2568)
	at javafx.fxml@23.0.1/javafx.fxml.FXMLLoader.load(FXMLLoader.java:2536)
	at mx.uv.fei@1.0-SNAPSHOT/mx.uv.fei.presentation.MainController.loadView(MainController.java:165)
	at mx.uv.fei@1.0-SNAPSHOT/mx.uv.fei.presentation.MainController.renderSection(MainController.java:136)
	at mx.uv.fei@1.0-SNAPSHOT/mx.uv.fei.presentation.MainController.lambda$handleApplicationStateChange$0(MainController.java:124)
	at javafx.graphics@23.0.1/com.sun.javafx.application.PlatformImpl.lambda$runLater$10(PlatformImpl.java:456)
	at java.base/java.security.AccessController.doPrivileged(AccessController.java:138)
	at javafx.graphics@23.0.1/com.sun.javafx.application.PlatformImpl.lambda$runLater$11(PlatformImpl.java:455)
	at javafx.graphics@23.0.1/com.sun.glass.ui.InvokeLaterDispatcher$Future.run(InvokeLaterDispatcher.java:95)
Caused by: java.lang.NullPointerException: Cannot invoke "mx.uv.fei.presentation.components.FormComboBox.setItems(javafx.collections.ObservableList)" because "this.comboBoxGender" is null
	at mx.uv.fei@1.0-SNAPSHOT/mx.uv.fei.presentation.RegisterAdminController.initialize(RegisterAdminController.java:54)
	at javafx.fxml@23.0.1/javafx.fxml.FXMLLoader.loadImpl(FXMLLoader.java:2675)
	... 9 common frames omitted
2026-06-11 08:15:37 [JavaFX-Launcher] INFO  m.u.f.c.a.c.EagerInstanceInitializer - Clase @Keep inicializada y registrada: AppStore
2026-06-11 08:15:37 [JavaFX-Launcher] INFO  m.u.f.c.a.c.EagerInstanceInitializer - Clase @Keep inicializada y registrada: SessionFacade
2026-06-11 08:15:37 [JavaFX-Launcher] INFO  m.u.f.c.a.c.EagerInstanceInitializer - Clase @Keep inicializada y registrada: DatabaseProperties
2026-06-11 08:15:37 [JavaFX-Launcher] INFO  m.u.f.c.a.c.EagerInstanceInitializer - Clase @Keep inicializada y registrada: DatabaseConnectionConfiguration
2026-06-11 08:15:37 [JavaFX-Launcher] INFO  m.u.f.c.a.c.EagerInstanceInitializer - Clase @Keep inicializada y registrada: PractitionerConfiguration
2026-06-11 09:14:57 [JavaFX-Launcher] INFO  m.u.f.c.a.c.EagerInstanceInitializer - Clase @Keep inicializada y registrada: DatabaseProperties
2026-06-11 09:14:57 [JavaFX-Launcher] INFO  m.u.f.c.a.c.EagerInstanceInitializer - Clase @Keep inicializada y registrada: AppStore
2026-06-11 09:14:57 [JavaFX-Launcher] INFO  m.u.f.c.a.c.EagerInstanceInitializer - Clase @Keep inicializada y registrada: PractitionerConfiguration
2026-06-11 09:14:57 [JavaFX-Launcher] INFO  m.u.f.c.a.c.EagerInstanceInitializer - Clase @Keep inicializada y registrada: DatabaseConnectionConfiguration
2026-06-11 09:14:57 [JavaFX-Launcher] INFO  m.u.f.c.a.c.EagerInstanceInitializer - Clase @Keep inicializada y registrada: SessionFacade
2026-06-11 09:46:16 [JavaFX-Launcher] INFO  m.u.f.c.a.c.EagerInstanceInitializer - Clase @Keep inicializada y registrada: PractitionerConfiguration
2026-06-11 09:46:16 [JavaFX-Launcher] INFO  m.u.f.c.a.c.EagerInstanceInitializer - Clase @Keep inicializada y registrada: DatabaseProperties
2026-06-11 09:46:16 [JavaFX-Launcher] INFO  m.u.f.c.a.c.EagerInstanceInitializer - Clase @Keep inicializada y registrada: DatabaseConnectionConfiguration
2026-06-11 09:46:16 [JavaFX-Launcher] INFO  m.u.f.c.a.c.EagerInstanceInitializer - Clase @Keep inicializada y registrada: AppStore
2026-06-11 09:46:16 [JavaFX-Launcher] INFO  m.u.f.c.a.c.EagerInstanceInitializer - Clase @Keep inicializada y registrada: SessionFacade
2026-06-11 10:01:31 [JavaFX-Launcher] INFO  m.u.f.c.a.c.EagerInstanceInitializer - Clase @Keep inicializada y registrada: AppStore
2026-06-11 10:01:31 [JavaFX-Launcher] INFO  m.u.f.c.a.c.EagerInstanceInitializer - Clase @Keep inicializada y registrada: SessionFacade
2026-06-11 10:01:31 [JavaFX-Launcher] INFO  m.u.f.c.a.c.EagerInstanceInitializer - Clase @Keep inicializada y registrada: DatabaseProperties
2026-06-11 10:01:31 [JavaFX-Launcher] INFO  m.u.f.c.a.c.EagerInstanceInitializer - Clase @Keep inicializada y registrada: DatabaseConnectionConfiguration
2026-06-11 10:01:31 [JavaFX-Launcher] INFO  m.u.f.c.a.c.EagerInstanceInitializer - Clase @Keep inicializada y registrada: PractitionerConfiguration
2026-06-11 10:30:51 [JavaFX-Launcher] INFO  m.u.f.c.a.c.EagerInstanceInitializer - Clase @Keep inicializada y registrada: DatabaseProperties
2026-06-11 10:30:51 [JavaFX-Launcher] INFO  m.u.f.c.a.c.EagerInstanceInitializer - Clase @Keep inicializada y registrada: AppStore
2026-06-11 10:30:51 [JavaFX-Launcher] INFO  m.u.f.c.a.c.EagerInstanceInitializer - Clase @Keep inicializada y registrada: PractitionerConfiguration
2026-06-11 10:30:51 [JavaFX-Launcher] INFO  m.u.f.c.a.c.EagerInstanceInitializer - Clase @Keep inicializada y registrada: DatabaseConnectionConfiguration
2026-06-11 10:30:51 [JavaFX-Launcher] INFO  m.u.f.c.a.c.EagerInstanceInitializer - Clase @Keep inicializada y registrada: SessionFacade
